// Jest Snapshot v1, https://goo.gl/fbAQLP

exports[`should render ExpenseListeItem correctly 1`] = `
<div>
  <Link
    to="edit/1"
  >
    <h2>
      Description: 
      Gum
    </h2>
  </Link>
  <p>
    $1.95
    -
    January 1st, 1970
  </p>
</div>
`;
