// Jest Snapshot v1, https://goo.gl/fbAQLP

exports[`should render Header correctly 1`] = `
<header>
  <h1>
    Expensify
  </h1>
  <NavLink
    to="/"
  >
    Dashboard
  </NavLink>
  <NavLink
    to="/create"
  >
    Create Expense
  </NavLink>
</header>
`;
